[cold_mining] line=finance topic=利率 slug=interest-rate
[cold_mining] tavily hits=2368
[cold_mining] attempt=0 html_len=18651 svg=8
[cold_mining] wrote /home/ubuntu/cold-mining/finance/reports/2026-07-31-interest-rate.html
[cold_mining] index+log updated
[cold_mining] git push ok=True info=To github.com:RayChan611/cold-mining.git
   d19b76c..670715c  main -> main
[cold_mining] feishu StatusCode=0 link=https://raychan611.github.io/cold-mining/finance/reports/2026-07-31-interest-rate.html
[cold_mining] line=finance topic=汇率 slug=exchange-rate
[cold_mining] tavily hits=2325
[cold_mining] attempt=0 html_len=17007 svg=8
[cold_mining] wrote /home/ubuntu/cold-mining/finance/reports/2026-08-03-hui-lv.html
[cold_mining] index+log updated
[cold_mining] git push ok=True info=To github.com:RayChan611/cold-mining.git
   14a7a24..5b67380  main -> main
[cold_mining] feishu code=0 link=https://raychan611.github.io/cold-mining/finance/reports/2026-08-03-hui-lv.html
[cold_mining] line=finance topic=GDP / CPI / PPI slug=gdp-cpi-ppi
[cold_mining] tavily hits=1944
[cold_mining] attempt=0 html_len=16891 svg=8
[cold_mining] wrote /home/ubuntu/cold-mining/finance/reports/2026-08-04-gdp-cpi-ppi-intro.html
[cold_mining] index+log updated
[cold_mining] git push ok=True info=To github.com:RayChan611/cold-mining.git
   f66a2f9..0352d67  main -> main
[cold_mining] feishu code=0 link=https://raychan611.github.io/cold-mining/finance/reports/2026-08-04-gdp-cpi-ppi-intro.html
[cold_mining] line=finance topic=货币政策 slug=monetary-policy
[cold_mining] tavily hits=2117
[cold_mining] attempt=0 html_len=17525 svg=8
[cold_mining] wrote /home/ubuntu/cold-mining/finance/reports/2026-08-05-huo-bi-zheng-ce.html
[cold_mining] index+log updated
[cold_mining] git push ok=True info=To github.com:RayChan611/cold-mining.git
   a37eb5b..6a12d9e  main -> main
[cold_mining] feishu code=0 link=https://raychan611.github.io/cold-mining/finance/reports/2026-08-05-huo-bi-zheng-ce.html
[cold_mining] line=finance topic=美联储 slug=fed
[cold_mining] tavily hits=2401
[cold_mining] attempt=0 html_len=17680 svg=8
[cold_mining] wrote /home/ubuntu/cold-mining/finance/reports/2026-08-06-federal-reserve.html
[cold_mining] index+log updated
[cold_mining] git push ok=True info=To github.com:RayChan611/cold-mining.git
   7bda78f..d4e4936  main -> main
[cold_mining] feishu code=0 link=https://raychan611.github.io/cold-mining/finance/reports/2026-08-06-federal-reserve.html
[cold_mining] line=finance topic=收益率曲线 slug=yield-curve
[cold_mining] tavily hits=2291
[cold_mining] attempt=0 html_len=17427 svg=8
[cold_mining] wrote /home/ubuntu/cold-mining/finance/reports/2026-08-07-yield-curve-intro.html
[cold_mining] index+log updated
[cold_mining] git push ok=True info=To github.com:RayChan611/cold-mining.git
   7e2d596..03d960d  main -> main
[cold_mining] feishu code=0 link=https://raychan611.github.io/cold-mining/finance/reports/2026-08-07-yield-curve-intro.html
[cold_mining] line=finance topic=信用利差 slug=credit-spread
[cold_mining] tavily hits=2398
[cold_mining] attempt=0 html_len=19879 svg=8
[cold_mining] wrote /home/ubuntu/cold-mining/finance/reports/2026-08-10-credit-spread.html
[cold_mining] index+log updated
[cold_mining] git push ok=True info=To github.com:RayChan611/cold-mining.git
   f9458b9..9ef14e3  main -> main
[cold_mining] feishu code=0 link=https://raychan611.github.io/cold-mining/finance/reports/2026-08-10-credit-spread.html
[cold_mining] line=finance topic=量化宽松 slug=qe
[cold_mining] tavily hits=1976
[cold_mining] attempt=0 html_len=19416 svg=8
[cold_mining] wrote /home/ubuntu/cold-mining/finance/reports/2026-08-11-quantitative-easing-guide.html
[cold_mining] index+log updated
[cold_mining] git push ok=True info=To github.com:RayChan611/cold-mining.git
   545ed7d..bf1f6db  main -> main
[cold_mining] feishu code=0 link=https://raychan611.github.io/cold-mining/finance/reports/2026-08-11-quantitative-easing-guide.html
[cold_mining] line=finance topic=债券入门 slug=bond
[cold_mining] tavily hits=2078
[cold_mining] attempt=0 html_len=18908 svg=8
[cold_mining] wrote /home/ubuntu/cold-mining/finance/reports/2026-08-12-bond-basics-for-beginners.html
[cold_mining] index+log updated
[cold_mining] git push ok=True info=To github.com:RayChan611/cold-mining.git
   a14113f..f5b9b4d  main -> main
[cold_mining] feishu code=0 link=https://raychan611.github.io/cold-mining/finance/reports/2026-08-12-bond-basics-for-beginners.html
[cold_mining] line=finance topic=ETF 入门 slug=etf
[cold_mining] tavily hits=2208
[cold_mining] attempt=0 html_len=18972 svg=8
[cold_mining] wrote /home/ubuntu/cold-mining/finance/reports/2026-08-13-etf-beginners-guide.html
[cold_mining] index+log updated
[cold_mining] git push ok=True info=To github.com:RayChan611/cold-mining.git
   cbdaa23..08a3bc6  main -> main
[cold_mining] feishu code=0 link=https://raychan611.github.io/cold-mining/finance/reports/2026-08-13-etf-beginners-guide.html
[cold_mining] line=finance topic=REITs 入门 slug=reit
[cold_mining] tavily hits=2336
[cold_mining] attempt=0 html_len=19587 svg=8
[cold_mining] wrote /home/ubuntu/cold-mining/finance/reports/2026-08-14-reits-beginners-guide.html
[cold_mining] index+log updated
[cold_mining] git push ok=True info=To github.com:RayChan611/cold-mining.git
   9c62bc8..ff58963  main -> main
[cold_mining] feishu code=0 link=https://raychan611.github.io/cold-mining/finance/reports/2026-08-14-reits-beginners-guide.html
[cold_mining] line=finance topic=黄金投资 slug=gold
[cold_mining] tavily hits=2314
[cold_mining] attempt=0 html_len=18468 svg=8
[cold_mining] wrote /home/ubuntu/cold-mining/finance/reports/2026-08-17-gold-investing.html
[cold_mining] index+log updated
[cold_mining] git push ok=True info=To github.com:RayChan611/cold-mining.git
   ad3a677..871500f  main -> main
[cold_mining] feishu code=0 link=https://raychan611.github.io/cold-mining/finance/reports/2026-08-17-gold-investing.html
[cold_mining] line=finance topic=大宗商品 slug=commodity
[cold_mining] tavily hits=2416
[cold_mining] attempt=0 html_len=18418 svg=8
[cold_mining] wrote /home/ubuntu/cold-mining/finance/reports/2026-08-18-commodity-basics-for-beginners.html
[cold_mining] index+log updated
[cold_mining] git push ok=True info=To github.com:RayChan611/cold-mining.git
   50033fd..3aa6e22  main -> main
[cold_mining] feishu code=0 link=https://raychan611.github.io/cold-mining/finance/reports/2026-08-18-commodity-basics-for-beginners.html
[cold_mining] line=finance topic=加密货币入门 slug=crypto
[cold_mining] tavily hits=2308
[cold_mining] attempt=0 html_len=0 svg=0
[cold_mining] attempt=1 html_len=20952 svg=8
[cold_mining] wrote /home/ubuntu/cold-mining/finance/reports/2026-08-19-cryptocurrency-beginners-guide.html
[cold_mining] index+log updated
[cold_mining] git push ok=True info=To github.com:RayChan611/cold-mining.git
   4f83203..dfbcec0  main -> main
[cold_mining] feishu code=0 link=https://raychan611.github.io/cold-mining/finance/reports/2026-08-19-cryptocurrency-beginners-guide.html
[cold_mining] line=finance topic=做市商 slug=market-maker
[cold_mining] tavily hits=3344
[cold_mining] attempt=0 html_len=19446 svg=8
[cold_mining] wrote /home/ubuntu/cold-mining/finance/reports/2026-08-20-market-maker.html
[cold_mining] index+log updated
[cold_mining] git push ok=True info=To github.com:RayChan611/cold-mining.git
   25e1c4e..f35b36e  main -> main
[cold_mining] feishu code=0 link=https://raychan611.github.io/cold-mining/finance/reports/2026-08-20-market-maker.html
[cold_mining] line=finance topic=印花税 slug=stamp-tax
[cold_mining] tavily hits=1818
[cold_mining] attempt=0 html_len=19234 svg=8
[cold_mining] wrote /home/ubuntu/cold-mining/finance/reports/2026-08-21-stamp-duty-guide.html
[cold_mining] index+log updated
[cold_mining] git push ok=True info=To github.com:RayChan611/cold-mining.git
   f537aa8..f43dfe0  main -> main
[cold_mining] feishu code=0 link=https://raychan611.github.io/cold-mining/finance/reports/2026-08-21-stamp-duty-guide.html
[cold_mining] line=finance topic=熔断机制 slug=circuit-breaker
[cold_mining] tavily hits=2080
[cold_mining] attempt=0 html_len=19710 svg=8
[cold_mining] wrote /home/ubuntu/cold-mining/finance/reports/2026-08-24-circuit-breaker.html
[cold_mining] index+log updated
[cold_mining] git push ok=True info=To github.com:RayChan611/cold-mining.git
   f43dfe0..e8df63e  main -> main
[cold_mining] feishu code=0 link=https://raychan611.github.io/cold-mining/finance/reports/2026-08-24-circuit-breaker.html
[cold_mining] line=finance topic=做空 slug=short-selling
[cold_mining] tavily hits=2665
[cold_mining] AI error: HTTPError('429 Client Error: Too Many Requests for url: https://ark.cn-beijing.volces.com/api/coding/v3/chat/completions')
[cold_mining] attempt=0 html_len=0 svg=0
[cold_mining] AI error: HTTPError('429 Client Error: Too Many Requests for url: https://ark.cn-beijing.volces.com/api/coding/v3/chat/completions')
[cold_mining] attempt=1 html_len=0 svg=0
[cold_mining] FAILED: AI 未产出合格 HTML，今日跳过（报告不落盘以免脏数据）
[cold_mining] line=finance topic=做空 slug=short-selling
[cold_mining] tavily hits=2249
[cold_mining] attempt=0 html_len=19297 svg=8
[cold_mining] wrote /home/ubuntu/cold-mining/finance/reports/2026-08-26-short-selling-guide.html
[cold_mining] index+log updated
[cold_mining] git push ok=True info=To github.com:RayChan611/cold-mining.git
   f6dfd69..20f4165  main -> main
[cold_mining] feishu code=0 link=https://raychan611.github.io/cold-mining/finance/reports/2026-08-26-short-selling-guide.html
[cold_mining] line=finance topic=期权基础 slug=option-basics
[cold_mining] tavily hits=2300
[cold_mining] attempt=0 html_len=19198 svg=8
[cold_mining] wrote /home/ubuntu/cold-mining/finance/reports/2026-08-27-options-basics.html
[cold_mining] index+log updated
[cold_mining] git push ok=True info=To github.com:RayChan611/cold-mining.git
   2baf783..23aae9b  main -> main
[cold_mining] feishu code=0 link=https://raychan611.github.io/cold-mining/finance/reports/2026-08-27-options-basics.html
[cold_mining] line=finance topic=期权基础 slug=option-basics
[cold_mining] tavily hits=2266
[cold_mining] attempt=0 html_len=20223 svg=8
[cold_mining] wrote /home/ubuntu/cold-mining/finance/reports/2026-08-28-options-basics.html
[cold_mining] index+log updated
[cold_mining] git push ok=True info=To github.com:RayChan611/cold-mining.git
   931886b..cfa6fbe  main -> main
[cold_mining] feishu code=0 link=https://raychan611.github.io/cold-mining/finance/reports/2026-08-28-options-basics.html
[cold_mining] line=finance topic=期权基础 slug=option-basics
[cold_mining] tavily hits=2346
[cold_mining] AI error: HTTPError('429 Client Error: Too Many Requests for url: https://ark.cn-beijing.volces.com/api/coding/v3/chat/completions')
[cold_mining] attempt=0 html_len=0 svg=0
[cold_mining] attempt=1 html_len=0 svg=0
[cold_mining] FAILED: AI 未产出合格 HTML，今日跳过（报告不落盘以免脏数据）
[cold_mining] line=finance topic=期权基础 slug=option-basics
[cold_mining] tavily hits=2118
[cold_mining] attempt=0 html_len=19937 svg=8
[cold_mining] wrote /home/ubuntu/cold-mining/finance/reports/2026-09-01-options-basics.html
[cold_mining] index+log updated
[cold_mining] git push ok=True info=To github.com:RayChan611/cold-mining.git
   7c9158d..bdf9124  main -> main
[cold_mining] feishu code=0 link=https://raychan611.github.io/cold-mining/finance/reports/2026-09-01-options-basics.html
[cold_mining] line=finance topic=对冲 slug=hedge
[cold_mining] tavily hits=2213
[cold_mining] attempt=0 html_len=17417 svg=8
[cold_mining] wrote /home/ubuntu/cold-mining/finance/reports/2026-09-02-hedge-funds.html
[cold_mining] index+log updated
[cold_mining] git push ok=True info=To github.com:RayChan611/cold-mining.git
   1b25773..9042501  main -> main
[cold_mining] feishu code=0 link=https://raychan611.github.io/cold-mining/finance/reports/2026-09-02-hedge-funds.html
[cold_mining] line=finance topic=杠杆 slug=leverage
[cold_mining] tavily hits=2032
[cold_mining] attempt=0 html_len=19588 svg=8
[cold_mining] wrote /home/ubuntu/cold-mining/finance/reports/2026-09-03-leverage-beginners-guide.html
[cold_mining] index+log updated
[cold_mining] git push ok=True info=To github.com:RayChan611/cold-mining.git
   cf8099c..e52b648  main -> main
[cold_mining] feishu code=0 link=https://raychan611.github.io/cold-mining/finance/reports/2026-09-03-leverage-beginners-guide.html
[cold_mining] line=finance topic=PE / PB / ROE slug=pe-pb-roe
[cold_mining] tavily hits=2436
[cold_mining] attempt=0 html_len=17392 svg=8
[cold_mining] wrote /home/ubuntu/cold-mining/finance/reports/2026-09-04-pe-pb-roe-beginners-guide.html
[cold_mining] index+log updated
[cold_mining] git push ok=True info=To github.com:RayChan611/cold-mining.git
   aa0029a..e7ad551  main -> main
[cold_mining] feishu code=0 link=https://raychan611.github.io/cold-mining/finance/reports/2026-09-04-pe-pb-roe-beginners-guide.html
[cold_mining] line=finance topic=PE / PB / ROE slug=pe-pb-roe
[cold_mining] tavily hits=2291
[cold_mining] AI error: HTTPError('429 Client Error: Too Many Requests for url: https://ark.cn-beijing.volces.com/api/coding/v3/chat/completions')
[cold_mining] attempt=0 html_len=0 svg=0
[cold_mining] AI error: HTTPError('429 Client Error: Too Many Requests for url: https://ark.cn-beijing.volces.com/api/coding/v3/chat/completions')
[cold_mining] attempt=1 html_len=0 svg=0
[cold_mining] FAILED: AI 未产出合格 HTML，今日跳过（报告不落盘以免脏数据）
