[cold_mining] line=cold topic=威士忌投资 slug=whisky-invest
[cold_mining] tavily hits=1868
[cold_mining] attempt=0 html_len=17522 svg=8
[cold_mining] wrote /home/ubuntu/cold-mining/reports/2026-07-31-whisky-investment-101.html
[cold_mining] index+log updated
[cold_mining] git push ok=True info=To github.com:RayChan611/cold-mining.git
   b8ccc1c..d444f11  main -> main
[cold_mining] feishu StatusCode=0 link=https://raychan611.github.io/cold-mining/reports/2026-07-31-whisky-investment-101.html
[cold_mining] line=cold topic=球星卡 slug=sports-card
[cold_mining] tavily hits=2064
[cold_mining] attempt=0 html_len=0 svg=0
[cold_mining] attempt=1 html_len=17787 svg=8
[cold_mining] wrote /home/ubuntu/cold-mining/reports/2026-08-03-qiu-xing-ka.html
[cold_mining] index+log updated
[cold_mining] git push ok=True info=To github.com:RayChan611/cold-mining.git
   9e6e4be..14a7a24  main -> main
[cold_mining] feishu code=0 link=https://raychan611.github.io/cold-mining/reports/2026-08-03-qiu-xing-ka.html
[cold_mining] line=cold topic=潮玩盲盒 slug=blind-box
[cold_mining] tavily hits=2351
[cold_mining] attempt=0 html_len=18220 svg=8
[cold_mining] wrote /home/ubuntu/cold-mining/reports/2026-08-04-chao-wan-mang-he.html
[cold_mining] index+log updated
[cold_mining] git push ok=True info=To github.com:RayChan611/cold-mining.git
   5b67380..f66a2f9  main -> main
[cold_mining] feishu code=0 link=https://raychan611.github.io/cold-mining/reports/2026-08-04-chao-wan-mang-he.html
[cold_mining] line=cold topic=葡萄酒期酒 slug=wine-futures
[cold_mining] tavily hits=2227
[cold_mining] attempt=0 html_len=17826 svg=8
[cold_mining] wrote /home/ubuntu/cold-mining/reports/2026-08-05-葡萄酒期酒.html
[cold_mining] index+log updated
[cold_mining] git push ok=True info=To github.com:RayChan611/cold-mining.git
   0352d67..a37eb5b  main -> main
[cold_mining] feishu code=0 link=https://raychan611.github.io/cold-mining/reports/2026-08-05-葡萄酒期酒.html
[cold_mining] line=cold topic=电子墨水屏 slug=eink-screen
[cold_mining] tavily hits=2030
[cold_mining] attempt=0 html_len=19421 svg=8
[cold_mining] wrote /home/ubuntu/cold-mining/reports/2026-08-06-dian-zi-mo-shui-ping.html
[cold_mining] index+log updated
[cold_mining] git push ok=True info=To github.com:RayChan611/cold-mining.git
   6a12d9e..7bda78f  main -> main
[cold_mining] feishu code=0 link=https://raychan611.github.io/cold-mining/reports/2026-08-06-dian-zi-mo-shui-ping.html
[cold_mining] line=cold topic=机械键盘轴体 slug=mech-keyboard
[cold_mining] tavily hits=2166
[cold_mining] attempt=0 html_len=16510 svg=8
[cold_mining] wrote /home/ubuntu/cold-mining/reports/2026-08-07-mechanical-keyboard-switches.html
[cold_mining] index+log updated
[cold_mining] git push ok=True info=To github.com:RayChan611/cold-mining.git
   d4e4936..7e2d596  main -> main
[cold_mining] feishu code=0 link=https://raychan611.github.io/cold-mining/reports/2026-08-07-mechanical-keyboard-switches.html
[cold_mining] line=cold topic=模块合成器 slug=modular-synth
[cold_mining] tavily hits=1472
[cold_mining] attempt=0 html_len=18360 svg=8
[cold_mining] wrote /home/ubuntu/cold-mining/reports/2026-08-10-modular-synth-beginners.html
[cold_mining] index+log updated
[cold_mining] git push ok=True info=To github.com:RayChan611/cold-mining.git
   03d960d..f9458b9  main -> main
[cold_mining] feishu code=0 link=https://raychan611.github.io/cold-mining/reports/2026-08-10-modular-synth-beginners.html
[cold_mining] line=cold topic=黑胶唱片 slug=vinyl-record
[cold_mining] tavily hits=3180
[cold_mining] attempt=0 html_len=18877 svg=8
[cold_mining] wrote /home/ubuntu/cold-mining/reports/2026-08-11-vinyl-records-guide.html
[cold_mining] index+log updated
[cold_mining] git push ok=True info=To github.com:RayChan611/cold-mining.git
   9ef14e3..545ed7d  main -> main
[cold_mining] feishu code=0 link=https://raychan611.github.io/cold-mining/reports/2026-08-11-vinyl-records-guide.html
[cold_mining] line=cold topic=盆栽与文人树 slug=bonsai
[cold_mining] tavily hits=1760
[cold_mining] attempt=0 html_len=17776 svg=8
[cold_mining] wrote /home/ubuntu/cold-mining/reports/2026-08-12-penjing-and-bunjin-tree.html
[cold_mining] index+log updated
[cold_mining] git push ok=True info=To github.com:RayChan611/cold-mining.git
   bf1f6db..a14113f  main -> main
[cold_mining] feishu code=0 link=https://raychan611.github.io/cold-mining/reports/2026-08-12-penjing-and-bunjin-tree.html
[cold_mining] line=cold topic=深空摄影 slug=deep-sky
[cold_mining] tavily hits=2056
[cold_mining] attempt=0 html_len=20272 svg=8
[cold_mining] wrote /home/ubuntu/cold-mining/reports/2026-08-13-deep-sky-astrophotography.html
[cold_mining] index+log updated
[cold_mining] git push ok=True info=To github.com:RayChan611/cold-mining.git
   f5b9b4d..cbdaa23  main -> main
[cold_mining] feishu code=0 link=https://raychan611.github.io/cold-mining/reports/2026-08-13-deep-sky-astrophotography.html
[cold_mining] line=cold topic=钢笔 slug=fountain-pen
[cold_mining] tavily hits=1709
[cold_mining] attempt=0 html_len=18547 svg=8
[cold_mining] wrote /home/ubuntu/cold-mining/reports/2026-08-14-fountain-pen.html
[cold_mining] index+log updated
[cold_mining] git push ok=True info=To github.com:RayChan611/cold-mining.git
   08a3bc6..9c62bc8  main -> main
[cold_mining] feishu code=0 link=https://raychan611.github.io/cold-mining/reports/2026-08-14-fountain-pen.html
[cold_mining] line=cold topic=路亚钓鱼 slug=fly-fishing
[cold_mining] tavily hits=2155
[cold_mining] attempt=0 html_len=18679 svg=8
[cold_mining] wrote /home/ubuntu/cold-mining/reports/2026-08-17-luya-diaoyu.html
[cold_mining] index+log updated
[cold_mining] git push ok=True info=To github.com:RayChan611/cold-mining.git
   ff58963..ad3a677  main -> main
[cold_mining] feishu code=0 link=https://raychan611.github.io/cold-mining/reports/2026-08-17-luya-diaoyu.html
[cold_mining] line=cold topic=观鸟 slug=bird-watch
[cold_mining] tavily hits=1811
[cold_mining] attempt=0 html_len=19171 svg=8
[cold_mining] wrote /home/ubuntu/cold-mining/reports/2026-08-18-birdwatching-for-beginners.html
[cold_mining] index+log updated
[cold_mining] git push ok=True info=To github.com:RayChan611/cold-mining.git
   871500f..50033fd  main -> main
[cold_mining] feishu code=0 link=https://raychan611.github.io/cold-mining/reports/2026-08-18-birdwatching-for-beginners.html
[cold_mining] line=cold topic=碳信用 slug=carbon-credit
[cold_mining] tavily hits=1701
[cold_mining] attempt=0 html_len=18587 svg=8
[cold_mining] wrote /home/ubuntu/cold-mining/reports/2026-08-19-carbon-credits.html
[cold_mining] index+log updated
[cold_mining] git push ok=True info=To github.com:RayChan611/cold-mining.git
   3aa6e22..4f83203  main -> main
[cold_mining] feishu code=0 link=https://raychan611.github.io/cold-mining/reports/2026-08-19-carbon-credits.html
[cold_mining] line=cold topic=水权 slug=water-rights
[cold_mining] tavily hits=1777
[cold_mining] attempt=0 html_len=18550 svg=8
[cold_mining] wrote /home/ubuntu/cold-mining/reports/2026-08-20-water-rights-basics.html
[cold_mining] index+log updated
[cold_mining] git push ok=True info=To github.com:RayChan611/cold-mining.git
   dfbcec0..25e1c4e  main -> main
[cold_mining] feishu code=0 link=https://raychan611.github.io/cold-mining/reports/2026-08-20-water-rights-basics.html
[cold_mining] line=cold topic=渔业配额 slug=fishing-quota
[cold_mining] tavily hits=2310
[cold_mining] attempt=0 html_len=19011 svg=8
[cold_mining] wrote /home/ubuntu/cold-mining/reports/2026-08-21-fishery-quota.html
[cold_mining] index+log updated
[cold_mining] git push ok=True info=To github.com:RayChan611/cold-mining.git
   f35b36e..f537aa8  main -> main
[cold_mining] feishu code=0 link=https://raychan611.github.io/cold-mining/reports/2026-08-21-fishery-quota.html
[cold_mining] line=cold topic=带宽交易 slug=bandwidth-trade
[cold_mining] tavily hits=1994
[cold_mining] AI error: HTTPError('429 Client Error: Too Many Requests for url: https://ark.cn-beijing.volces.com/api/coding/v3/chat/completions')
[cold_mining] attempt=0 html_len=0 svg=0
[cold_mining] AI error: ReadTimeout(ReadTimeoutError("HTTPSConnectionPool(host='ark.cn-beijing.volces.com', port=443): Read timed out. (read timeout=240)"))
[cold_mining] attempt=1 html_len=0 svg=0
[cold_mining] FAILED: AI 未产出合格 HTML，今日跳过（报告不落盘以免脏数据）
[cold_mining] line=cold topic=带宽交易 slug=bandwidth-trade
[cold_mining] tavily hits=2242
[cold_mining] AI error: HTTPError('429 Client Error: Too Many Requests for url: https://ark.cn-beijing.volces.com/api/coding/v3/chat/completions')
[cold_mining] attempt=0 html_len=0 svg=0
[cold_mining] AI error: HTTPError('429 Client Error: Too Many Requests for url: https://ark.cn-beijing.volces.com/api/coding/v3/chat/completions')
[cold_mining] attempt=1 html_len=0 svg=0
[cold_mining] FAILED: AI 未产出合格 HTML，今日跳过（报告不落盘以免脏数据）
[cold_mining] line=cold topic=带宽交易 slug=bandwidth-trade
[cold_mining] tavily hits=2250
[cold_mining] attempt=0 html_len=17821 svg=8
[cold_mining] wrote /home/ubuntu/cold-mining/reports/2026-08-26-bandwidth-trading.html
[cold_mining] index+log updated
[cold_mining] git push ok=True info=To github.com:RayChan611/cold-mining.git
   e8df63e..f6dfd69  main -> main
[cold_mining] feishu code=0 link=https://raychan611.github.io/cold-mining/reports/2026-08-26-bandwidth-trading.html
[cold_mining] line=cold topic=卫星频率 slug=sat-band
[cold_mining] tavily hits=2240
[cold_mining] attempt=0 html_len=18922 svg=8
[cold_mining] wrote /home/ubuntu/cold-mining/reports/2026-08-27-satellite-frequency.html
[cold_mining] index+log updated
[cold_mining] git push ok=True info=To github.com:RayChan611/cold-mining.git
   20f4165..2baf783  main -> main
[cold_mining] feishu code=0 link=https://raychan611.github.io/cold-mining/reports/2026-08-27-satellite-frequency.html
[cold_mining] line=cold topic=稀土 slug=rare-earth
[cold_mining] tavily hits=2264
[cold_mining] attempt=0 html_len=19099 svg=8
[cold_mining] wrote /home/ubuntu/cold-mining/reports/2026-08-28-rare-earth-explained.html
[cold_mining] index+log updated
[cold_mining] git push ok=True info=To github.com:RayChan611/cold-mining.git
   23aae9b..931886b  main -> main
[cold_mining] feishu code=0 link=https://raychan611.github.io/cold-mining/reports/2026-08-28-rare-earth-explained.html
[cold_mining] line=cold topic=葡萄酒期酒 slug=wine-futures
[cold_mining] tavily hits=1620
[cold_mining] AI error: HTTPError('429 Client Error: Too Many Requests for url: https://ark.cn-beijing.volces.com/api/coding/v3/chat/completions')
[cold_mining] attempt=0 html_len=0 svg=0
[cold_mining] AI error: HTTPError('429 Client Error: Too Many Requests for url: https://ark.cn-beijing.volces.com/api/coding/v3/chat/completions')
[cold_mining] attempt=1 html_len=0 svg=0
[cold_mining] FAILED: AI 未产出合格 HTML，今日跳过（报告不落盘以免脏数据）
[cold_mining] line=cold topic=电子墨水屏 slug=eink-screen
[cold_mining] tavily hits=1471
[cold_mining] attempt=0 html_len=19216 svg=8
[cold_mining] wrote /home/ubuntu/cold-mining/reports/2026-09-01-e-ink-display.html
[cold_mining] index+log updated
[cold_mining] git push ok=True info=To github.com:RayChan611/cold-mining.git
   cfa6fbe..7c9158d  main -> main
[cold_mining] feishu code=0 link=https://raychan611.github.io/cold-mining/reports/2026-09-01-e-ink-display.html
[cold_mining] line=cold topic=机械键盘轴体 slug=mech-keyboard
[cold_mining] tavily hits=2252
[cold_mining] attempt=0 html_len=20691 svg=8
[cold_mining] wrote /home/ubuntu/cold-mining/reports/2026-09-02-mechanical-keyboard-switches.html
[cold_mining] index+log updated
[cold_mining] git push ok=True info=To github.com:RayChan611/cold-mining.git
   bdf9124..1b25773  main -> main
[cold_mining] feishu code=0 link=https://raychan611.github.io/cold-mining/reports/2026-09-02-mechanical-keyboard-switches.html
[cold_mining] line=cold topic=模块合成器 slug=modular-synth
[cold_mining] tavily hits=1150
[cold_mining] attempt=0 html_len=18631 svg=8
[cold_mining] wrote /home/ubuntu/cold-mining/reports/2026-09-03-modular-synthesizer.html
[cold_mining] index+log updated
[cold_mining] git push ok=True info=To github.com:RayChan611/cold-mining.git
   9042501..cf8099c  main -> main
[cold_mining] feishu code=0 link=https://raychan611.github.io/cold-mining/reports/2026-09-03-modular-synthesizer.html
[cold_mining] line=cold topic=黑胶唱片 slug=vinyl-record
[cold_mining] tavily hits=1600
[cold_mining] attempt=0 html_len=17389 svg=8
[cold_mining] wrote /home/ubuntu/cold-mining/reports/2026-09-04-vinyl-records.html
[cold_mining] index+log updated
[cold_mining] git push ok=True info=To github.com:RayChan611/cold-mining.git
   e52b648..aa0029a  main -> main
[cold_mining] feishu code=0 link=https://raychan611.github.io/cold-mining/reports/2026-09-04-vinyl-records.html
[cold_mining] line=cold topic=钢笔 slug=fountain-pen
[cold_mining] tavily hits=1488
[cold_mining] AI error: HTTPError('429 Client Error: Too Many Requests for url: https://ark.cn-beijing.volces.com/api/coding/v3/chat/completions')
[cold_mining] attempt=0 html_len=0 svg=0
[cold_mining] AI error: HTTPError('429 Client Error: Too Many Requests for url: https://ark.cn-beijing.volces.com/api/coding/v3/chat/completions')
[cold_mining] attempt=1 html_len=0 svg=0
[cold_mining] FAILED: AI 未产出合格 HTML，今日跳过（报告不落盘以免脏数据）
[cold_mining] line=cold topic=路亚钓鱼 slug=fly-fishing
[cold_mining] tavily hits=1715
[cold_mining] AI error: ReadTimeout(ReadTimeoutError("HTTPSConnectionPool(host='ark.cn-beijing.volces.com', port=443): Read timed out. (read timeout=240)"))
[cold_mining] attempt=0 html_len=0 svg=0
[cold_mining] attempt=1 html_len=20481 svg=8
[cold_mining] wrote /home/ubuntu/cold-mining/reports/2026-09-08-luya-fishing.html
[cold_mining] index+log updated
[cold_mining] git push ok=True info=To github.com:RayChan611/cold-mining.git
   e7ad551..af5e1b0  main -> main
[cold_mining] feishu code=0 link=https://raychan611.github.io/cold-mining/reports/2026-09-08-luya-fishing.html
[cold_mining] line=cold topic=观鸟 slug=bird-watch
[cold_mining] tavily hits=1177
[cold_mining] attempt=0 html_len=18303 svg=8
[cold_mining] wrote /home/ubuntu/cold-mining/reports/2026-09-09-birdwatching.html
[cold_mining] index+log updated
[cold_mining] git push ok=True info=To github.com:RayChan611/cold-mining.git
   64725b2..dc51507  main -> main
[cold_mining] feishu code=0 link=https://raychan611.github.io/cold-mining/reports/2026-09-09-birdwatching.html
[cold_mining] line=cold topic=碳信用 slug=carbon-credit
[cold_mining] tavily hits=2454
[cold_mining] attempt=0 html_len=19993 svg=8
[cold_mining] wrote /home/ubuntu/cold-mining/reports/2026-09-10-carbon-credit-101.html
[cold_mining] index+log updated
[cold_mining] git push ok=True info=To github.com:RayChan611/cold-mining.git
   98fa131..8f90627  main -> main
[cold_mining] feishu code=0 link=https://raychan611.github.io/cold-mining/reports/2026-09-10-carbon-credit-101.html
[cold_mining] line=cold topic=水权 slug=water-rights
[cold_mining] tavily hits=2354
[cold_mining] AI error: HTTPError('429 Client Error: Too Many Requests for url: https://ark.cn-beijing.volces.com/api/coding/v3/chat/completions')
[cold_mining] attempt=0 html_len=0 svg=0
[cold_mining] attempt=1 html_len=18556 svg=8
[cold_mining] wrote /home/ubuntu/cold-mining/reports/2026-09-11-water-rights.html
[cold_mining] index+log updated
[cold_mining] git push ok=True info=To github.com:RayChan611/cold-mining.git
   8f90627..de7a406  main -> main
[cold_mining] feishu code=0 link=https://raychan611.github.io/cold-mining/reports/2026-09-11-water-rights.html
[cold_mining] line=cold topic=卫星频率 slug=sat-band
[cold_mining] tavily hits=2237
[cold_mining] attempt=0 html_len=20835 svg=8
[cold_mining] wrote /home/ubuntu/cold-mining/reports/2026-09-14-satellite-frequency.html
[cold_mining] index+log updated
[cold_mining] git push ok=True info=To github.com:RayChan611/cold-mining.git
   9e38733..99cc1fe  main -> main
[cold_mining] feishu code=0 link=https://raychan611.github.io/cold-mining/reports/2026-09-14-satellite-frequency.html
[cold_mining] line=cold topic=稀土 slug=rare-earth
[cold_mining] tavily hits=2262
[cold_mining] attempt=0 html_len=19922 svg=8
[cold_mining] wrote /home/ubuntu/cold-mining/reports/2026-09-15-rare-earth-elements.html
[cold_mining] index+log updated
[cold_mining] git push ok=True info=To github.com:RayChan611/cold-mining.git
   6b3c637..24462d2  main -> main
[cold_mining] feishu code=0 link=https://raychan611.github.io/cold-mining/reports/2026-09-15-rare-earth-elements.html
[cold_mining] line=cold topic=拍卖行捡漏 slug=auction-bargain
[cold_mining] tavily hits=1385
[cold_mining] attempt=0 html_len=20901 svg=8
[cold_mining] wrote /home/ubuntu/cold-mining/reports/2026-09-16-auction-bargain-hunting.html
[cold_mining] index+log updated
[cold_mining] git push ok=True info=To github.com:RayChan611/cold-mining.git
   7456dd5..d79710a  main -> main
[cold_mining] feishu code=0 link=https://raychan611.github.io/cold-mining/reports/2026-09-16-auction-bargain-hunting.html
[cold_mining] line=cold topic=老相机行情 slug=old-camera
[cold_mining] tavily hits=2239
[cold_mining] attempt=0 html_len=18537 svg=8
[cold_mining] wrote /home/ubuntu/cold-mining/reports/2026-09-17-old-camera-market.html
[cold_mining] index+log updated
[cold_mining] git push ok=True info=To github.com:RayChan611/cold-mining.git
   2e79ee3..0589e75  main -> main
[cold_mining] feishu code=0 link=https://raychan611.github.io/cold-mining/reports/2026-09-17-old-camera-market.html
[cold_mining] line=cold topic=邮票与钱币收藏 slug=stamp-coin
[cold_mining] tavily hits=2089
[cold_mining] attempt=0 html_len=19660 svg=8
[cold_mining] wrote /home/ubuntu/cold-mining/reports/2026-09-18-stamp-coin-collecting.html
[cold_mining] index+log updated
[cold_mining] git push ok=True info=To github.com:RayChan611/cold-mining.git
   c6d1742..da54008  main -> main
[cold_mining] feishu code=0 link=https://raychan611.github.io/cold-mining/reports/2026-09-18-stamp-coin-collecting.html
[cold_mining] line=cold topic=域名投资 slug=domain-invest
[cold_mining] tavily hits=2505
[cold_mining] attempt=0 html_len=18693 svg=8
[cold_mining] wrote /home/ubuntu/cold-mining/reports/2026-09-21-domain-investing.html
[cold_mining] index+log updated
[cold_mining] git push ok=True info=To github.com:RayChan611/cold-mining.git
   8c353ee..c4cbf73  main -> main
[cold_mining] feishu code=0 link=https://raychan611.github.io/cold-mining/reports/2026-09-21-domain-investing.html
[cold_mining] line=cold topic=威士忌投资 slug=whisky-invest
[cold_mining] tavily hits=2457
[cold_mining] attempt=0 html_len=0 svg=0
[cold_mining] attempt=1 html_len=18029 svg=8
[cold_mining] wrote /home/ubuntu/cold-mining/reports/2026-09-22-whisky-investment.html
[cold_mining] index+log updated
[cold_mining] git push ok=True info=To github.com:RayChan611/cold-mining.git
   2508533..0f8d899  main -> main
[cold_mining] feishu code=0 link=https://raychan611.github.io/cold-mining/reports/2026-09-22-whisky-investment.html
